mode: set
github.com/malinavarvara/wb-search-top/searcher_top/adapters/api/handler.go:19.72,21.2 1 1
github.com/malinavarvara/wb-search-top/searcher_top/adapters/api/handler.go:23.66,25.46 2 1
github.com/malinavarvara/wb-search-top/searcher_top/adapters/api/handler.go:25.46,27.32 2 1
github.com/malinavarvara/wb-search-top/searcher_top/adapters/api/handler.go:27.32,30.4 2 1
github.com/malinavarvara/wb-search-top/searcher_top/adapters/api/handler.go:31.3,31.13 1 1
github.com/malinavarvara/wb-search-top/searcher_top/adapters/api/handler.go:34.2,35.16 2 1
github.com/malinavarvara/wb-search-top/searcher_top/adapters/api/handler.go:35.16,36.43 1 1
github.com/malinavarvara/wb-search-top/searcher_top/adapters/api/handler.go:36.43,39.4 2 1
github.com/malinavarvara/wb-search-top/searcher_top/adapters/api/handler.go:40.3,42.9 3 0
github.com/malinavarvara/wb-search-top/searcher_top/adapters/api/handler.go:45.2,48.4 1 1
github.com/malinavarvara/wb-search-top/searcher_top/adapters/api/handler.go:51.71,55.61 2 1
github.com/malinavarvara/wb-search-top/searcher_top/adapters/api/handler.go:55.61,58.3 2 1
github.com/malinavarvara/wb-search-top/searcher_top/adapters/api/handler.go:60.2,60.69 1 1
github.com/malinavarvara/wb-search-top/searcher_top/adapters/api/handler.go:60.69,61.40 1 1
github.com/malinavarvara/wb-search-top/searcher_top/adapters/api/handler.go:61.40,64.4 2 1
github.com/malinavarvara/wb-search-top/searcher_top/adapters/api/handler.go:65.3,67.9 3 0
github.com/malinavarvara/wb-search-top/searcher_top/adapters/api/handler.go:70.2,70.85 1 1
github.com/malinavarvara/wb-search-top/searcher_top/adapters/api/handler.go:73.74,75.16 2 1
github.com/malinavarvara/wb-search-top/searcher_top/adapters/api/handler.go:75.16,77.3 1 0
github.com/malinavarvara/wb-search-top/searcher_top/adapters/api/handler.go:79.2,79.68 1 1
github.com/malinavarvara/wb-search-top/searcher_top/adapters/api/handler.go:79.68,80.40 1 0
github.com/malinavarvara/wb-search-top/searcher_top/adapters/api/handler.go:80.40,83.4 2 0
github.com/malinavarvara/wb-search-top/searcher_top/adapters/api/handler.go:84.3,86.9 3 0
github.com/malinavarvara/wb-search-top/searcher_top/adapters/api/handler.go:89.2,89.62 1 1
github.com/malinavarvara/wb-search-top/searcher_top/adapters/api/handler.go:92.72,94.16 2 1
github.com/malinavarvara/wb-search-top/searcher_top/adapters/api/handler.go:94.16,98.3 3 0
github.com/malinavarvara/wb-search-top/searcher_top/adapters/api/handler.go:100.2,100.18 1 1
github.com/malinavarvara/wb-search-top/searcher_top/adapters/api/handler.go:100.18,102.3 1 1
github.com/malinavarvara/wb-search-top/searcher_top/adapters/api/handler.go:104.2,107.4 1 1
github.com/malinavarvara/wb-search-top/searcher_top/adapters/api/handler.go:110.66,112.2 1 1
github.com/malinavarvara/wb-search-top/searcher_top/adapters/api/handler.go:114.58,117.53 3 1
github.com/malinavarvara/wb-search-top/searcher_top/adapters/api/handler.go:117.53,119.3 1 0
github.com/malinavarvara/wb-search-top/searcher_top/adapters/api/handler.go:122.64,124.2 1 1
github.com/malinavarvara/wb-search-top/searcher_top/adapters/api/router.go:19.77,37.2 15 0
github.com/malinavarvara/wb-search-top/searcher_top/config/config.go:42.42,45.22 2 1
github.com/malinavarvara/wb-search-top/searcher_top/config/config.go:45.22,46.63 1 1
github.com/malinavarvara/wb-search-top/searcher_top/config/config.go:46.63,49.4 2 0
github.com/malinavarvara/wb-search-top/searcher_top/config/config.go:50.3,50.59 1 1
github.com/malinavarvara/wb-search-top/searcher_top/config/config.go:51.8,53.48 2 1
github.com/malinavarvara/wb-search-top/searcher_top/config/config.go:53.48,56.4 2 0
github.com/malinavarvara/wb-search-top/searcher_top/config/config.go:57.3,57.38 1 1
github.com/malinavarvara/wb-search-top/searcher_top/config/config.go:59.2,59.13 1 1
github.com/malinavarvara/wb-search-top/searcher_top/adapters/api/middleware/logger.go:14.49,17.2 2 1
github.com/malinavarvara/wb-search-top/searcher_top/adapters/api/middleware/logger.go:19.63,20.46 1 1
github.com/malinavarvara/wb-search-top/searcher_top/adapters/api/middleware/logger.go:20.46,21.72 1 1
github.com/malinavarvara/wb-search-top/searcher_top/adapters/api/middleware/logger.go:21.72,34.4 5 1
github.com/malinavarvara/wb-search-top/searcher_top/adapters/api/middleware/metrics.go:39.46,40.71 1 1
github.com/malinavarvara/wb-search-top/searcher_top/adapters/api/middleware/metrics.go:40.71,51.3 7 1
github.com/malinavarvara/wb-search-top/searcher_top/adapters/api/middleware/metrics.go:54.35,56.2 1 0
github.com/malinavarvara/wb-search-top/searcher_top/adapters/api/middleware/ratelimiter.go:18.74,28.12 3 1
github.com/malinavarvara/wb-search-top/searcher_top/adapters/api/middleware/ratelimiter.go:28.12,31.22 3 1
github.com/malinavarvara/wb-search-top/searcher_top/adapters/api/middleware/ratelimiter.go:31.22,33.34 2 0
github.com/malinavarvara/wb-search-top/searcher_top/adapters/api/middleware/ratelimiter.go:33.34,34.47 1 0
github.com/malinavarvara/wb-search-top/searcher_top/adapters/api/middleware/ratelimiter.go:34.47,36.6 1 0
github.com/malinavarvara/wb-search-top/searcher_top/adapters/api/middleware/ratelimiter.go:38.4,38.17 1 0
github.com/malinavarvara/wb-search-top/searcher_top/adapters/api/middleware/ratelimiter.go:42.2,42.46 1 1
github.com/malinavarvara/wb-search-top/searcher_top/adapters/api/middleware/ratelimiter.go:42.46,47.10 4 1
github.com/malinavarvara/wb-search-top/searcher_top/adapters/api/middleware/ratelimiter.go:47.10,52.4 2 1
github.com/malinavarvara/wb-search-top/searcher_top/adapters/api/middleware/ratelimiter.go:53.3,54.19 2 1
github.com/malinavarvara/wb-search-top/searcher_top/adapters/api/middleware/ratelimiter.go:57.2,57.46 1 1
github.com/malinavarvara/wb-search-top/searcher_top/adapters/api/middleware/ratelimiter.go:57.46,58.72 1 1
github.com/malinavarvara/wb-search-top/searcher_top/adapters/api/middleware/ratelimiter.go:58.72,61.31 2 1
github.com/malinavarvara/wb-search-top/searcher_top/adapters/api/middleware/ratelimiter.go:61.31,67.5 5 1
github.com/malinavarvara/wb-search-top/searcher_top/adapters/api/middleware/ratelimiter.go:69.4,69.24 1 1
github.com/malinavarvara/wb-search-top/searcher_top/adapters/api/middleware/ratelimiter.go:74.40,75.47 1 1
github.com/malinavarvara/wb-search-top/searcher_top/adapters/api/middleware/ratelimiter.go:75.47,77.3 1 1
github.com/malinavarvara/wb-search-top/searcher_top/adapters/api/middleware/ratelimiter.go:78.2,78.67 1 1
github.com/malinavarvara/wb-search-top/searcher_top/adapters/api/middleware/ratelimiter.go:78.67,81.3 2 1
github.com/malinavarvara/wb-search-top/searcher_top/adapters/api/middleware/ratelimiter.go:82.2,83.16 2 1
github.com/malinavarvara/wb-search-top/searcher_top/adapters/api/middleware/ratelimiter.go:83.16,85.3 1 1
github.com/malinavarvara/wb-search-top/searcher_top/adapters/api/middleware/ratelimiter.go:86.2,86.11 1 1
github.com/malinavarvara/wb-search-top/searcher_top/adapters/api/middleware/recovery.go:8.65,9.46 1 1
github.com/malinavarvara/wb-search-top/searcher_top/adapters/api/middleware/recovery.go:9.46,10.72 1 1
github.com/malinavarvara/wb-search-top/searcher_top/adapters/api/middleware/recovery.go:10.72,11.17 1 1
github.com/malinavarvara/wb-search-top/searcher_top/adapters/api/middleware/recovery.go:11.17,12.37 1 1
github.com/malinavarvara/wb-search-top/searcher_top/adapters/api/middleware/recovery.go:12.37,20.6 3 1
github.com/malinavarvara/wb-search-top/searcher_top/adapters/api/middleware/recovery.go:23.4,23.24 1 1
github.com/malinavarvara/wb-search-top/searcher_top/adapters/api/middleware/request_id.go:14.48,15.71 1 1
github.com/malinavarvara/wb-search-top/searcher_top/adapters/api/middleware/request_id.go:15.71,17.15 2 1
github.com/malinavarvara/wb-search-top/searcher_top/adapters/api/middleware/request_id.go:17.15,19.4 1 1
github.com/malinavarvara/wb-search-top/searcher_top/adapters/api/middleware/request_id.go:21.3,23.40 3 1
github.com/malinavarvara/wb-search-top/searcher_top/adapters/api/middleware/timeout.go:10.63,11.46 1 1
github.com/malinavarvara/wb-search-top/searcher_top/adapters/api/middleware/timeout.go:11.46,12.72 1 1
github.com/malinavarvara/wb-search-top/searcher_top/adapters/api/middleware/timeout.go:12.72,21.14 6 1
github.com/malinavarvara/wb-search-top/searcher_top/adapters/api/middleware/timeout.go:21.14,22.18 1 1
github.com/malinavarvara/wb-search-top/searcher_top/adapters/api/middleware/timeout.go:22.18,23.34 1 1
github.com/malinavarvara/wb-search-top/searcher_top/adapters/api/middleware/timeout.go:23.34,25.7 1 1
github.com/malinavarvara/wb-search-top/searcher_top/adapters/api/middleware/timeout.go:27.5,28.16 2 1
github.com/malinavarvara/wb-search-top/searcher_top/adapters/api/middleware/timeout.go:31.4,31.11 1 1
github.com/malinavarvara/wb-search-top/searcher_top/adapters/api/middleware/timeout.go:32.16,32.16 0 1
github.com/malinavarvara/wb-search-top/searcher_top/adapters/api/middleware/timeout.go:33.26,34.13 1 1
github.com/malinavarvara/wb-search-top/searcher_top/adapters/api/middleware/timeout.go:35.22,36.44 1 1
github.com/malinavarvara/wb-search-top/searcher_top/adapters/api/middleware/timeout.go:36.44,40.6 3 1
github.com/malinavarvara/wb-search-top/searcher_top/adapters/db/stoplist_repository.go:13.50,17.2 1 1
github.com/malinavarvara/wb-search-top/searcher_top/adapters/db/stoplist_repository.go:19.47,21.16 2 1
github.com/malinavarvara/wb-search-top/searcher_top/adapters/db/stoplist_repository.go:21.16,23.3 1 1
github.com/malinavarvara/wb-search-top/searcher_top/adapters/db/stoplist_repository.go:24.2,26.28 3 1
github.com/malinavarvara/wb-search-top/searcher_top/adapters/db/stoplist_repository.go:29.50,34.2 4 1
github.com/malinavarvara/wb-search-top/searcher_top/adapters/db/stoplist_repository.go:36.57,42.2 5 1
github.com/malinavarvara/wb-search-top/searcher_top/adapters/db/stoplist_repository.go:44.48,48.25 4 1
github.com/malinavarvara/wb-search-top/searcher_top/adapters/db/stoplist_repository.go:48.25,50.3 1 1
github.com/malinavarvara/wb-search-top/searcher_top/adapters/db/stoplist_repository.go:51.2,51.15 1 1
github.com/malinavarvara/wb-search-top/searcher_top/adapters/db/stoplist_repository.go:54.33,56.2 1 1
github.com/malinavarvara/wb-search-top/searcher_top/adapters/db/top_repository.go:17.37,22.2 1 1
github.com/malinavarvara/wb-search-top/searcher_top/adapters/db/top_repository.go:24.44,25.34 1 1
github.com/malinavarvara/wb-search-top/searcher_top/adapters/db/top_repository.go:25.34,27.3 1 1
github.com/malinavarvara/wb-search-top/searcher_top/adapters/db/top_repository.go:28.2,28.37 1 1
github.com/malinavarvara/wb-search-top/searcher_top/adapters/db/top_repository.go:39.76,43.25 4 1
github.com/malinavarvara/wb-search-top/searcher_top/adapters/db/top_repository.go:43.25,45.3 1 1
github.com/malinavarvara/wb-search-top/searcher_top/adapters/db/top_repository.go:46.2,53.10 3 1
github.com/malinavarvara/wb-search-top/searcher_top/adapters/db/top_repository.go:56.70,62.2 4 1
github.com/malinavarvara/wb-search-top/searcher_top/adapters/db/top_repository.go:64.54,69.30 4 1
github.com/malinavarvara/wb-search-top/searcher_top/adapters/db/top_repository.go:69.30,70.37 1 1
github.com/malinavarvara/wb-search-top/searcher_top/adapters/db/top_repository.go:70.37,71.35 1 1
github.com/malinavarvara/wb-search-top/searcher_top/adapters/db/top_repository.go:71.35,73.5 1 1
github.com/malinavarvara/wb-search-top/searcher_top/adapters/db/top_repository.go:74.4,74.27 1 1
github.com/malinavarvara/wb-search-top/searcher_top/adapters/db/top_repository.go:74.27,76.5 1 1
github.com/malinavarvara/wb-search-top/searcher_top/adapters/db/top_repository.go:80.2,81.35 2 1
github.com/malinavarvara/wb-search-top/searcher_top/adapters/db/top_repository.go:81.35,87.3 2 1
github.com/malinavarvara/wb-search-top/searcher_top/adapters/db/top_repository.go:89.2,89.40 1 1
github.com/malinavarvara/wb-search-top/searcher_top/adapters/db/top_repository.go:89.40,90.39 1 1
github.com/malinavarvara/wb-search-top/searcher_top/adapters/db/top_repository.go:90.39,92.4 1 1
github.com/malinavarvara/wb-search-top/searcher_top/adapters/db/top_repository.go:93.3,93.61 1 1
github.com/malinavarvara/wb-search-top/searcher_top/adapters/db/top_repository.go:96.2,96.29 1 1
github.com/malinavarvara/wb-search-top/searcher_top/adapters/db/top_repository.go:96.29,98.3 1 1
github.com/malinavarvara/wb-search-top/searcher_top/adapters/db/top_repository.go:99.2,99.14 1 1
github.com/malinavarvara/wb-search-top/searcher_top/adapters/db/top_repository.go:102.38,105.26 3 1
github.com/malinavarvara/wb-search-top/searcher_top/adapters/db/top_repository.go:105.26,107.3 1 1
github.com/malinavarvara/wb-search-top/searcher_top/adapters/db/top_repository.go:110.45,116.2 4 1
github.com/malinavarvara/wb-search-top/searcher_top/core/service.go:35.12,42.2 1 1
github.com/malinavarvara/wb-search-top/searcher_top/core/service.go:44.76,46.17 2 1
github.com/malinavarvara/wb-search-top/searcher_top/core/service.go:46.17,49.3 2 1
github.com/malinavarvara/wb-search-top/searcher_top/core/service.go:51.2,51.32 1 1
github.com/malinavarvara/wb-search-top/searcher_top/core/service.go:51.32,56.3 2 1
github.com/malinavarvara/wb-search-top/searcher_top/core/service.go:58.2,59.18 2 1
github.com/malinavarvara/wb-search-top/searcher_top/core/service.go:59.18,61.3 1 1
github.com/malinavarvara/wb-search-top/searcher_top/core/service.go:63.2,64.17 2 1
github.com/malinavarvara/wb-search-top/searcher_top/core/service.go:64.17,66.3 1 1
github.com/malinavarvara/wb-search-top/searcher_top/core/service.go:68.2,74.12 3 1
github.com/malinavarvara/wb-search-top/searcher_top/core/service.go:77.71,78.12 1 1
github.com/malinavarvara/wb-search-top/searcher_top/core/service.go:78.12,80.3 1 1
github.com/malinavarvara/wb-search-top/searcher_top/core/service.go:81.2,81.23 1 1
github.com/malinavarvara/wb-search-top/searcher_top/core/service.go:81.23,83.3 1 1
github.com/malinavarvara/wb-search-top/searcher_top/core/service.go:84.2,84.29 1 1
github.com/malinavarvara/wb-search-top/searcher_top/core/service.go:87.69,88.35 1 1
github.com/malinavarvara/wb-search-top/searcher_top/core/service.go:88.35,90.3 1 1
github.com/malinavarvara/wb-search-top/searcher_top/core/service.go:91.2,93.12 3 0
github.com/malinavarvara/wb-search-top/searcher_top/core/service.go:96.72,97.35 1 1
github.com/malinavarvara/wb-search-top/searcher_top/core/service.go:97.35,99.3 1 1
github.com/malinavarvara/wb-search-top/searcher_top/core/service.go:100.2,102.12 3 0
github.com/malinavarvara/wb-search-top/searcher_top/core/service.go:105.69,107.2 1 1
github.com/malinavarvara/wb-search-top/searcher_top/core/service.go:109.38,113.22 3 1
github.com/malinavarvara/wb-search-top/searcher_top/core/service.go:113.22,115.3 1 1
github.com/malinavarvara/wb-search-top/searcher_top/core/service.go:116.2,116.34 1 1
github.com/malinavarvara/wb-search-top/searcher_top/main.go:20.13,60.12 14 0
github.com/malinavarvara/wb-search-top/searcher_top/main.go:60.12,61.43 1 0
github.com/malinavarvara/wb-search-top/searcher_top/main.go:61.43,63.4 1 0
github.com/malinavarvara/wb-search-top/searcher_top/main.go:66.2,66.12 1 0
github.com/malinavarvara/wb-search-top/searcher_top/main.go:66.12,68.87 2 0
github.com/malinavarvara/wb-search-top/searcher_top/main.go:68.87,71.4 2 0
github.com/malinavarvara/wb-search-top/searcher_top/main.go:74.2,80.50 5 0
github.com/malinavarvara/wb-search-top/searcher_top/main.go:80.50,82.3 1 0
github.com/malinavarvara/wb-search-top/searcher_top/main.go:84.2,84.31 1 0
github.com/malinavarvara/wb-search-top/searcher_top/main.go:87.43,90.13 2 0
github.com/malinavarvara/wb-search-top/searcher_top/main.go:91.15,94.5 1 0
github.com/malinavarvara/wb-search-top/searcher_top/main.go:95.10,98.5 1 0
github.com/malinavarvara/wb-search-top/searcher_top/main.go:101.2,101.26 1 0
github.com/malinavarvara/wb-search-top/searcher_top/adapters/broker/consumer.go:26.66,35.2 1 0
github.com/malinavarvara/wb-search-top/searcher_top/adapters/broker/consumer.go:43.86,53.71 1 0
github.com/malinavarvara/wb-search-top/searcher_top/adapters/broker/consumer.go:53.71,55.4 1 0
github.com/malinavarvara/wb-search-top/searcher_top/adapters/broker/consumer.go:58.2,62.3 1 0
github.com/malinavarvara/wb-search-top/searcher_top/adapters/broker/consumer.go:65.51,72.15 2 0
github.com/malinavarvara/wb-search-top/searcher_top/adapters/broker/consumer.go:72.15,73.42 1 0
github.com/malinavarvara/wb-search-top/searcher_top/adapters/broker/consumer.go:73.42,75.4 1 0
github.com/malinavarvara/wb-search-top/searcher_top/adapters/broker/consumer.go:76.3,76.39 1 0
github.com/malinavarvara/wb-search-top/searcher_top/adapters/broker/consumer.go:79.2,79.6 1 0
github.com/malinavarvara/wb-search-top/searcher_top/adapters/broker/consumer.go:79.6,81.17 2 0
github.com/malinavarvara/wb-search-top/searcher_top/adapters/broker/consumer.go:81.17,82.84 1 0
github.com/malinavarvara/wb-search-top/searcher_top/adapters/broker/consumer.go:82.84,84.5 1 0
github.com/malinavarvara/wb-search-top/searcher_top/adapters/broker/consumer.go:85.4,85.69 1 0
github.com/malinavarvara/wb-search-top/searcher_top/adapters/broker/consumer.go:85.69,87.13 2 0
github.com/malinavarvara/wb-search-top/searcher_top/adapters/broker/consumer.go:89.4,90.12 2 0
github.com/malinavarvara/wb-search-top/searcher_top/adapters/broker/consumer.go:92.3,94.29 2 0
github.com/malinavarvara/wb-search-top/searcher_top/adapters/broker/consumer.go:104.75,106.55 2 0
github.com/malinavarvara/wb-search-top/searcher_top/adapters/broker/consumer.go:106.55,114.3 3 0
github.com/malinavarvara/wb-search-top/searcher_top/adapters/broker/consumer.go:116.2,122.59 2 0
github.com/malinavarvara/wb-search-top/searcher_top/adapters/broker/consumer.go:122.59,123.42 1 0
github.com/malinavarvara/wb-search-top/searcher_top/adapters/broker/consumer.go:123.42,128.4 1 0
github.com/malinavarvara/wb-search-top/searcher_top/adapters/broker/consumer.go:131.2,131.20 1 0
github.com/malinavarvara/wb-search-top/searcher_top/adapters/broker/consumer.go:134.67,135.58 1 0
github.com/malinavarvara/wb-search-top/searcher_top/adapters/broker/consumer.go:135.58,136.40 1 0
github.com/malinavarvara/wb-search-top/searcher_top/adapters/broker/consumer.go:136.40,141.4 1 0
github.com/malinavarvara/wb-search-top/searcher_top/adapters/broker/consumer.go:145.44,147.26 2 0
github.com/malinavarvara/wb-search-top/searcher_top/adapters/broker/consumer.go:147.26,149.3 1 0
github.com/malinavarvara/wb-search-top/searcher_top/adapters/broker/consumer.go:150.2,150.39 1 0
